Microchip MPLAB XC8 Compiler V2.10 ()

Linker command line:

-W-3 --edf=C:\Program Files (x86)\Microchip\xc8\v2.10\pic\dat\en_msgs.txt \
  -cs -h+dist/default/production\Basics_4550.X.production.sym \
  --cmf=dist/default/production\Basics_4550.X.production.cmf -z -Q18F4550 \
  -oC:\Users\jorge\AppData\Local\Temp\s7a8.2 --defsym=__MPLAB_BUILD=1 \
  -Mdist/default/production/Basics_4550.X.production.map -E1 -ver=XC8 \
  --acfsm=1493 -ASTACK=03EAh-07FFh -pstack=STACK -ACODE=00h-07FFFh \
  -ACONST=00h-07FFFh -ASMALLCONST=0800h-08FFhx120 \
  -AMEDIUMCONST=0800h-07FFFh -ACOMRAM=01h-05Fh -AABS1=00h-07FFh \
  -ABIGRAM=01h-07FFh -ARAM=060h-0FFh,0100h-01FFhx7 -ABANK0=060h-0FFh \
  -ABANK1=0100h-01FFh -ABANK2=0200h-02FFh -ABANK3=0300h-03FFh \
  -ABANK4=0400h-04FFh -ABANK5=0500h-05FFh -ABANK6=0600h-06FFh \
  -ABANK7=0700h-07FFh -ASFR=0F60h-0FFFh \
  -preset_vec=00h,intcode=08h,intcodelo,powerup,init -pramtop=0800h \
  -psmallconst=SMALLCONST -pmediumconst=MEDIUMCONST -pconst=CONST \
  -AFARRAM=00h-00h -ACONFIG=0300000h-030000Dh -pconfig=CONFIG \
  -AIDLOC=0200000h-0200007h -pidloc=IDLOC -AEEDATA=0F00000h-0F000FFh \
  -peeprom_data=EEDATA \
  -prdata=COMRAM,nvrram=COMRAM,nvbit=COMRAM,rbss=COMRAM,rbit=COMRAM \
  -pfarbss=FARRAM,fardata=FARRAM,nvFARRAM=FARRAM \
  -pintsave_regs=BIGRAM,bigbss=BIGRAM,bigdata=BIGRAM -pbss=RAM \
  -pidata=CODE,irdata=CODE,ibigdata=CODE,ifardata=CODE -prparam=COMRAM \
  C:\Users\jorge\AppData\Local\Temp\s7a8.o \
  dist/default/production\Basics_4550.X.production.o 

Object code version is 3.11

Machine type is 18F4550

Call graph: (short form)




                Name                               Link     Load   Length Selector   Space Scale
C:\Users\jorge\AppData\Local\Temp\s7a8.o
                init                                  E        E        4        4       0
                reset_vec                             0        0        4        0       0
                idloc                            200000   200000        8   200000       0
                config                           300000   300000        E   300000       0
dist/default/production\Basics_4550.X.production.o
                intcode                               8        8        6        4       0
                temp                                 3D       3D        1        1       1
                smallconst                          800      800       E8      400       0
                text64                             52B4     52B4       42      474       0
                intcode_body                       519A     519A       48      474       0
                text62                             4900     4900       C2      474       0
                text61                             5526     5526       16      474       0
                text60                             553C     553C       12      474       0
                text59                             5438     5438       2A      474       0
                text58                             54AE     54AE       26      474       0
                text57                             5150     5150       4A      474       0
                text56                             54F8     54F8       18      474       0
                text55                             4FC0     4FC0       56      474       0
                text54                             3B3E     3B3E      1A4      474       0
                text53                             506A     506A       52      474       0
                text52                             540E     540E       2A      474       0
                text51                             54D4     54D4       24      474       0
                text50                             53E4     53E4       2A      474       0
                text49                             526E     526E       46      474       0
                text48                             483C     483C       C4      474       0
                text47                             5106     5106       4A      474       0
                text46                             555E     555E        8      474       0
                text45                             5566     5566        6      474       0
                text44                             554E     554E       10      474       0
                text43                             4B1E     4B1E       A6      474       0
                text42                             436A     436A      10C      474       0
                text41                             4CE6     4CE6       82      474       0
                text40                             5336     5336       40      474       0
                text39                             49C2     49C2       B2      474       0
                text38                             50BC     50BC       4A      474       0
                text37                             5510     5510       16      474       0
                text36                             53AE     53AE       36      474       0
                text35                             5228     5228       46      474       0
                text34                             3E68     3E68      178      474       0
                text33                             457C     457C      104      474       0
                text32                             3FE0     3FE0      154      474       0
                text31                             5016     5016       54      474       0
                text30                             4A74     4A74       AA      474       0
                text29                             5376     5376       38      474       0
                text28                             19BE     19BE      4C0      474       0
                text27                             51E2     51E2       46      474       0
                text26                             4476     4476      106      474       0
                text25                             398A     398A      1B4      474       0
                text24                             22A8     22A8      39A      474       0
                text23                             1E7E     1E7E      42A      474       0
                text22                             4134     4134      120      474       0
                text21                             2642     2642      332      474       0
                text20                             4680     4680       EC      474       0
                text19                             4F0A     4F0A       5C      474       0
                text18                             4BC4     4BC4       98      474       0
                text17                             3CE2     3CE2      186      474       0
                text16                             2C6A     2C6A      2E0      474       0
                text15                             5488     5488       26      474       0
                text14                             476C     476C       D0      474       0
                text13                             4E4C     4E4C       62      474       0
                text12                             4F66     4F66       5A      474       0
                text11                             2F4A     2F4A      250      474       0
                text10                             2974     2974      2F6      474       0
                text9                              33C6     33C6      20A      474       0
                text8                              37BC     37BC      1CE      474       0
                text7                              1466     1466      558      474       0
                text6                              4254     4254      116      474       0
                text5                              4D68     4D68       78      474       0
                text4                              319A     319A      22C      474       0
                text3                              5462     5462       26      474       0
                text2                              4C5C     4C5C       8A      474       0
                text1                               8E8      8E8      B7E      474       0
                text0                              35D0     35D0      1EC      474       0
                cstackCOMRAM                          1        1       39        1       1
                cstackBANK0                          D3       D3       12       60       1
                cstackBANK1                         100      100       44      100       1
                cstackBANK3                         300      300       EA      300       1
                dataBANK2                           280      280       40      200       1
                bssBANK2                            200      200       80      200       1
                dataBANK0                            60       60       5C       60       1
                bssBANK0                             BC       BC       17       60       1
                bssCOMRAM                            3A       3A        3        1       1
                cinit                              4DE0     4DE0       6C      474       0
                idataBANK2                         52F6     52F6       40      474       0
                idataBANK0                         4EAE     4EAE       5C      474       0

TOTAL           Name                               Link     Load   Length     Space
        CLASS   STACK          

        CLASS   CODE           
                intcode                               8        8        6         0
                init                                  E        E        4         0
                reset_vec                             0        0        4         0
                text64                             52B4     52B4       42         0
                intcode_body                       519A     519A       48         0
                text62                             4900     4900       C2         0
                text61                             5526     5526       16         0
                text60                             553C     553C       12         0
                text59                             5438     5438       2A         0
                text58                             54AE     54AE       26         0
                text57                             5150     5150       4A         0
                text56                             54F8     54F8       18         0
                text55                             4FC0     4FC0       56         0
                text54                             3B3E     3B3E      1A4         0
                text53                             506A     506A       52         0
                text52                             540E     540E       2A         0
                text51                             54D4     54D4       24         0
                text50                             53E4     53E4       2A         0
                text49                             526E     526E       46         0
                text48                             483C     483C       C4         0
                text47                             5106     5106       4A         0
                text46                             555E     555E        8         0
                text45                             5566     5566        6         0
                text44                             554E     554E       10         0
                text43                             4B1E     4B1E       A6         0
                text42                             436A     436A      10C         0
                text41                             4CE6     4CE6       82         0
                text40                             5336     5336       40         0
                text39                             49C2     49C2       B2         0
                text38                             50BC     50BC       4A         0
                text37                             5510     5510       16         0
                text36                             53AE     53AE       36         0
                text35                             5228     5228       46         0
                text34                             3E68     3E68      178         0
                text33                             457C     457C      104         0
                text32                             3FE0     3FE0      154         0
                text31                             5016     5016       54         0
                text30                             4A74     4A74       AA         0
                text29                             5376     5376       38         0
                text28                             19BE     19BE      4C0         0
                text27                             51E2     51E2       46         0
                text26                             4476     4476      106         0
                text25                             398A     398A      1B4         0
                text24                             22A8     22A8      39A         0
                text23                             1E7E     1E7E      42A         0
                text22                             4134     4134      120         0
                text21                             2642     2642      332         0
                text20                             4680     4680       EC         0
                text19                             4F0A     4F0A       5C         0
                text18                             4BC4     4BC4       98         0
                text17                             3CE2     3CE2      186         0
                text16                             2C6A     2C6A      2E0         0
                text15                             5488     5488       26         0
                text14                             476C     476C       D0         0
                text13                             4E4C     4E4C       62         0
                text12                             4F66     4F66       5A         0
                text11                             2F4A     2F4A      250         0
                text10                             2974     2974      2F6         0
                text9                              33C6     33C6      20A         0
                text8                              37BC     37BC      1CE         0
                text7                              1466     1466      558         0
                text6                              4254     4254      116         0
                text5                              4D68     4D68       78         0
                text4                              319A     319A      22C         0
                text3                              5462     5462       26         0
                text2                              4C5C     4C5C       8A         0
                text1                               8E8      8E8      B7E         0
                text0                              35D0     35D0      1EC         0
                cinit                              4DE0     4DE0       6C         0
                idataBANK2                         52F6     52F6       40         0
                idataBANK0                         4EAE     4EAE       5C         0

        CLASS   CONST          

        CLASS   SMALLCONST     
                smallconst                          800      800       E8         0

        CLASS   MEDIUMCONST    

        CLASS   COMRAM         
                temp                                 3D       3D        1         1
                cstackCOMRAM                          1        1       39         1
                bssCOMRAM                            3A       3A        3         1

        CLASS   ABS1           

        CLASS   BIGRAM         

        CLASS   RAM            

        CLASS   BANK0          
                cstackBANK0                          D3       D3       12         1
                dataBANK0                            60       60       5C         1
                bssBANK0                             BC       BC       17         1

        CLASS   BANK1          
                cstackBANK1                         100      100       44         1

        CLASS   BANK2          
                dataBANK2                           280      280       40         1
                bssBANK2                            200      200       80         1

        CLASS   BANK3          
                cstackBANK3                         300      300       EA         1

        CLASS   BANK4          

        CLASS   BANK5          

        CLASS   BANK6          

        CLASS   BANK7          

        CLASS   SFR            

        CLASS   FARRAM         

        CLASS   CONFIG         
                config                           300000   300000        E         0

        CLASS   IDLOC          
                idloc                            200000   200000        8         0

        CLASS   EEDATA         



SEGMENTS        Name                           Load    Length   Top    Selector   Space  Class

                reset_vec                      000000  000004  000004         0       0  CODE    
                cstackCOMRAM                   000001  00003D  00003E         1       1  COMRAM  
                intcode                        000008  00000A  000012         4       0  CODE    
                dataBANK0                      000060  000085  0000E5        60       1  BANK0   
                cstackBANK1                    000100  000044  000144       100       1  BANK1   
                bssBANK2                       000200  0000C0  0002C0       200       1  BANK2   
                cstackBANK3                    000300  0000EA  0003EA       300       1  BANK3   
                smallconst                     000800  0000E8  0008E8       400       0  SMALLCON
                text1                          0008E8  004C84  00556C       474       0  CODE    
                idloc                          200000  000008  200008    200000       0  IDLOC   
                config                         300000  00000E  30000E    300000       0  CONFIG  


UNUSED ADDRESS RANGES

        Name                Unused          Largest block    Delta
        BANK0            0000E5-0000FF               1B
        BANK1            000144-0001FF               BC
        BANK2            0002C0-0002FF               40
        BANK3            0003EA-0003FF               16
        BANK4            000400-0004FF              100
        BANK5            000500-0005FF              100
        BANK6            000600-0006FF              100
        BANK7            000700-0007FF              100
        BIGRAM           00003E-00005F               22
                         0000E5-0000FF               1B
                         000144-0001FF               BC
                         0002C0-0002FF               40
                         0003EA-0007FF              416
        CODE             000004-000007                4
                         000012-0007FF              7EE
                         00556C-007FFF             2A94
        COMRAM           00003E-00005F               22
        CONST            000004-000007                4
                         000012-0007FF              7EE
                         00556C-007FFF             2A94
        EEDATA           F00000-F000FF              100
        MEDIUMCONST      00556C-007FFF             2A94
        RAM              0000E5-0000FF               1B
                         000144-0001FF               BC
                         0002C0-0002FF               40
                         0003EA-0007FF              100
        SFR              000F60-000FFF               A0
        SMALLCONST       00556C-007FFF              100
        STACK            0003EA-0007FF              416

                                  Symbol Table

?___aldiv                  cstackCOMRAM 000004
?___almod                  cstackCOMRAM 000004
?___fladd                  cstackCOMRAM 000004
?___fldiv                  cstackCOMRAM 000004
?___flmul                  cstackCOMRAM 000004
?___flneg                  cstackCOMRAM 000004
?___flsub                  cstackCOMRAM 00001D
?___fltol                  cstackCOMRAM 00001D
?___wmul                   cstackCOMRAM 000004
?___xxtofl                 cstackCOMRAM 000004
?_atoui                    cstackCOMRAM 00000A
?_ftoa_sci                 cstackBANK0  0000DB
?_my_vprintf               cstackBANK0  0000E1
?_normalize                cstackCOMRAM 00001D
?_posc                     cstackCOMRAM 000008
?_roundStr                 cstackCOMRAM 00000E
?_strlen                   cstackCOMRAM 000004
BLED_Color@biled           cstackCOMRAM 000008
BLED_Color@green           cstackCOMRAM 000004
BLED_Color@red             cstackCOMRAM 000005
BLED_Enable@biled          cstackCOMRAM 000006
BLED_Toggle@biled          cstackCOMRAM 000003
CreateChar@i               cstackCOMRAM 000011
CreateChar@pattern         cstackCOMRAM 00000E
CreateChar@pos             cstackCOMRAM 000010
KBD_GetChar@col            cstackCOMRAM 00000B
KBD_GetChar@key            cstackCOMRAM 000008
KBD_GetChar@row            cstackCOMRAM 000009
KBD_InChar@newChar         cstackCOMRAM 000004
LCD_DisplayCtrl@cmd        cstackCOMRAM 00000B
LCD_DisplayCtrl@curBlink   cstackCOMRAM 000009
LCD_DisplayCtrl@curOn      cstackCOMRAM 000008
LCD_DisplayCtrl@disOn      cstackCOMRAM 00000A
LCD_SendCmd@data           cstackCOMRAM 000007
LCD_SendCmd@fbyte          cstackCOMRAM 000006
LCD_SendNibble@data        cstackCOMRAM 000005
LCD_SetCGRAM@address       cstackCOMRAM 000009
LCD_SetCGRAM@cmd           cstackCOMRAM 000008
LCD_SetRowCol@cmd          cstackCOMRAM 00000B
LCD_SetRowCol@col          cstackCOMRAM 000008
LCD_SetRowCol@row          cstackCOMRAM 00000D
LCD_Write@i                cstackCOMRAM 000015
LCD_Write@str              cstackCOMRAM 00000F
LCD_WriteByte@wData        cstackCOMRAM 000006
LCD_WriteChar@wData        cstackCOMRAM 00000E
SERIAL_Init@BAUD           cstackCOMRAM 000012
SERIAL_Init@baudrate       cstackCOMRAM 00001A
SERIAL_Write@i             cstackCOMRAM 00000A
SERIAL_Write@str           cstackCOMRAM 000008
SERIAL_WriteChar@data      cstackCOMRAM 000004
TIMER0_Int@t0_8b           cstackCOMRAM 000007
TIMER0_Int@t0_cs           cstackCOMRAM 000004
TIMER0_Int@t0_psa          cstackCOMRAM 000006
TIMER0_Int@t0_se           cstackCOMRAM 000005
TIMER0_SetPs@prescale      cstackCOMRAM 000006
_BAUDCONbits               (abs)        000FB8
_BLED_Color                text62       004900
_BLED_Enable               text47       005106
_BLED_Toggle               text64       0052B4
_CreateChar                text55       004FC0
_INTCON2bits               (abs)        000FF1
_INTCON3bits               (abs)        000FF0
_INTCONbits                (abs)        000FF2
_INTERRUPT_Init            text46       00555E
_INTERRUPT_Tmr0            text45       005566
_KBD_GetChar               text54       003B3E
_KBD_InChar                text53       00506A
_KBD_Init                  text44       00554E
_LATB                      (abs)        000F8A
_LATBbits                  (abs)        000F8A
_LATCbits                  (abs)        000F8B
_LATD                      (abs)        000F8C
_LATDbits                  (abs)        000F8C
_LATEbits                  (abs)        000F8D
_LCD_CLS                   text52       00540E
_LCD_DisplayCtrl           text51       0054D4
_LCD_Init                  text43       004B1E
_LCD_Lat                   text61       005526
_LCD_RH                    text50       0053E4
_LCD_SendCmd               text59       005438
_LCD_SendNibble            text60       00553C
_LCD_SetCGRAM              text58       0054AE
_LCD_SetRowCol             text57       005150
_LCD_Write                 text48       00483C
_LCD_WriteByte             text56       0054F8
_LCD_WriteChar             text49       00526E
_PIE1bits                  (abs)        000F9D
_PIR1bits                  (abs)        000F9E
_PORTB                     (abs)        000F81
_PORTBbits                 (abs)        000F81
_Pattern1                  dataBANK0    0000B4
_RCONbits                  (abs)        000FD0
_RCREG                     (abs)        000FAE
_RCSTAbits                 (abs)        000FAB
_SERIAL_Init               text41       004CE6
_SERIAL_Init$2462          cstackCOMRAM 000016
_SERIAL_Write              text35       005228
_SERIAL_WriteChar          text37       005510
_SPBRG                     (abs)        000FAF
_SPBRGH                    (abs)        000FB0
_SYSTEM_Init               text38       0050BC
_T0CONbits                 (abs)        000FD5
_T1CONbits                 (abs)        000FCD
_TIMER0_Int                text40       005336
_TIMER0_SetPs              text39       0049C2
_TMR0H                     (abs)        000FD7
_TMR0L                     (abs)        000FD6
_TMR1H                     (abs)        000FCF
_TMR1L                     (abs)        000FCE
_TRISAbits                 (abs)        000F92
_TRISB                     (abs)        000F93
_TRISBbits                 (abs)        000F93
_TRISCbits                 (abs)        000F94
_TRISD                     (abs)        000F95
_TRISEbits                 (abs)        000F96
_TXREG                     (abs)        000FAD
_TXSTAbits                 (abs)        000FAC
__CFG_BOR$ON               (abs)        000000
__CFG_BORV$3               (abs)        000000
__CFG_CCP2MX$ON            (abs)        000000
__CFG_CP0$OFF              (abs)        000000
__CFG_CP1$OFF              (abs)        000000
__CFG_CP2$OFF              (abs)        000000
__CFG_CP3$OFF              (abs)        000000
__CFG_CPB$OFF              (abs)        000000
__CFG_CPD$OFF              (abs)        000000
__CFG_CPUDIV$OSC1_PLL2     (abs)        000000
__CFG_DEBUG$OFF            (abs)        000000
__CFG_EBTR0$OFF            (abs)        000000
__CFG_EBTR1$OFF            (abs)        000000
__CFG_EBTR2$OFF            (abs)        000000
__CFG_EBTR3$OFF            (abs)        000000
__CFG_EBTRB$OFF            (abs)        000000
__CFG_FCMEN$OFF            (abs)        000000
__CFG_FOSC$HSPLL_HS        (abs)        000000
__CFG_ICPRT$OFF            (abs)        000000
__CFG_IESO$OFF             (abs)        000000
__CFG_LPT1OSC$OFF          (abs)        000000
__CFG_LVP$OFF              (abs)        000000
__CFG_MCLRE$ON             (abs)        000000
__CFG_PBADEN$OFF           (abs)        000000
__CFG_PLLDIV$5             (abs)        000000
__CFG_PWRT$OFF             (abs)        000000
__CFG_STVREN$ON            (abs)        000000
__CFG_USBDIV$2             (abs)        000000
__CFG_VREGEN$ON            (abs)        000000
__CFG_WDT$OFF              (abs)        000000
__CFG_WDTPS$32768          (abs)        000000
__CFG_WRT0$OFF             (abs)        000000
__CFG_WRT1$OFF             (abs)        000000
__CFG_WRT2$OFF             (abs)        000000
__CFG_WRT3$OFF             (abs)        000000
__CFG_WRTB$OFF             (abs)        000000
__CFG_WRTC$OFF             (abs)        000000
__CFG_WRTD$OFF             (abs)        000000
__CFG_XINST$OFF            (abs)        000000
__HRAM                     (abs)        000000
__Habs1                    abs1         000000
__Hbank0                   bank0        000000
__Hbank1                   bank1        000000
__Hbank2                   bank2        000000
__Hbank3                   bank3        000000
__Hbank4                   bank4        000000
__Hbank5                   bank5        000000
__Hbank6                   bank6        000000
__Hbank7                   bank7        000000
__Hbigbss                  bigbss       000000
__Hbigdata                 bigdata      000000
__Hbigram                  bigram       000000
__Hbss                     bss          000000
__HbssBANK0                bssBANK0     000000
__HbssBANK2                bssBANK2     000000
__HbssCOMRAM               bssCOMRAM    000000
__Hcinit                   cinit        000000
__Hclrtext                 clrtext      000000
__Hcomram                  comram       000000
__Hconfig                  config       30000E
__Hconst                   const        000000
__HcstackBANK0             cstackBANK0  000000
__HcstackBANK1             cstackBANK1  000000
__HcstackBANK3             cstackBANK3  000000
__HcstackCOMRAM            cstackCOMRAM 000000
__Hdata                    data         000000
__HdataBANK0               dataBANK0    000000
__HdataBANK2               dataBANK2    000000
__Heeprom_data             eeprom_data  000000
__Hfarbss                  farbss       000000
__Hfardata                 fardata      000000
__Hibigdata                ibigdata     000000
__Hidata                   idata        000000
__HidataBANK0              idataBANK0   000000
__HidataBANK2              idataBANK2   000000
__Hidloc                   idloc        200008
__Hifardata                ifardata     000000
__Hinit                    init         000012
__Hintcode                 intcode      00000E
__Hintcode_body            intcode_body 000000
__Hintcodelo               intcodelo    00000E
__Hintentry                intentry     000000
__Hintret                  intret       000000
__Hintsave_regs            intsave_regs 000000
__Hirdata                  irdata       000000
__Hmediumconst             mediumconst  000000
__HnvFARRAM                nvFARRAM     000000
__Hnvbit                   nvbit        000000
__Hnvrram                  nvrram       000000
__Hparam                   rparam       000000
__Hpowerup                 powerup      00000E
__Hram                     ram          000000
__Hramtop                  ramtop       000800
__Hrbit                    rbit         000000
__Hrbss                    rbss         000000
__Hrdata                   rdata        000000
__Hreset_vec               reset_vec    000004
__Hrparam                  rparam       000000
__Hsfr                     sfr          000000
__Hsmallconst              smallconst   0008E8
__Hspace_0                 (abs)        30000E
__Hspace_1                 (abs)        0003EA
__Hspace_2                 (abs)        000000
__Hstack                   stack        000000
__Hstruct                  struct       000000
__Htemp                    temp         00003E
__Htext                    text         000000
__Htext0                   text0        000000
__Htext1                   text1        000000
__Htext10                  text10       000000
__Htext11                  text11       000000
__Htext12                  text12       000000
__Htext13                  text13       000000
__Htext14                  text14       000000
__Htext15                  text15       000000
__Htext16                  text16       000000
__Htext17                  text17       000000
__Htext18                  text18       000000
__Htext19                  text19       000000
__Htext2                   text2        000000
__Htext20                  text20       000000
__Htext21                  text21       000000
__Htext22                  text22       000000
__Htext23                  text23       000000
__Htext24                  text24       000000
__Htext25                  text25       000000
__Htext26                  text26       000000
__Htext27                  text27       000000
__Htext28                  text28       000000
__Htext29                  text29       000000
__Htext3                   text3        000000
__Htext30                  text30       000000
__Htext31                  text31       000000
__Htext32                  text32       000000
__Htext33                  text33       000000
__Htext34                  text34       000000
__Htext35                  text35       000000
__Htext36                  text36       000000
__Htext37                  text37       000000
__Htext38                  text38       000000
__Htext39                  text39       000000
__Htext4                   text4        000000
__Htext40                  text40       000000
__Htext41                  text41       000000
__Htext42                  text42       000000
__Htext43                  text43       000000
__Htext44                  text44       000000
__Htext45                  text45       000000
__Htext46                  text46       000000
__Htext47                  text47       000000
__Htext48                  text48       000000
__Htext49                  text49       000000
__Htext5                   text5        000000
__Htext50                  text50       000000
__Htext51                  text51       000000
__Htext52                  text52       000000
__Htext53                  text53       000000
__Htext54                  text54       000000
__Htext55                  text55       000000
__Htext56                  text56       000000
__Htext57                  text57       000000
__Htext58                  text58       000000
__Htext59                  text59       000000
__Htext6                   text6        000000
__Htext60                  text60       000000
__Htext61                  text61       000000
__Htext62                  text62       000000
__Htext64                  text64       000000
__Htext7                   text7        000000
__Htext8                   text8        000000
__Htext9                   text9        000000
__LRAM                     (abs)        000001
__Labs1                    abs1         000000
__Lbank0                   bank0        000000
__Lbank1                   bank1        000000
__Lbank2                   bank2        000000
__Lbank3                   bank3        000000
__Lbank4                   bank4        000000
__Lbank5                   bank5        000000
__Lbank6                   bank6        000000
__Lbank7                   bank7        000000
__Lbigbss                  bigbss       000000
__Lbigdata                 bigdata      000000
__Lbigram                  bigram       000000
__Lbss                     bss          000000
__LbssBANK0                bssBANK0     000000
__LbssBANK2                bssBANK2     000000
__LbssCOMRAM               bssCOMRAM    000000
__Lcinit                   cinit        000000
__Lclrtext                 clrtext      000000
__Lcomram                  comram       000000
__Lconfig                  config       300000
__Lconst                   const        000000
__LcstackBANK0             cstackBANK0  000000
__LcstackBANK1             cstackBANK1  000000
__LcstackBANK3             cstackBANK3  000000
__LcstackCOMRAM            cstackCOMRAM 000000
__Ldata                    data         000000
__LdataBANK0               dataBANK0    000000
__LdataBANK2               dataBANK2    000000
__Leeprom_data             eeprom_data  000000
__Lfarbss                  farbss       000000
__Lfardata                 fardata      000000
__Libigdata                ibigdata     000000
__Lidata                   idata        000000
__LidataBANK0              idataBANK0   000000
__LidataBANK2              idataBANK2   000000
__Lidloc                   idloc        200000
__Lifardata                ifardata     000000
__Linit                    init         00000E
__Lintcode                 intcode      000008
__Lintcode_body            intcode_body 000000
__Lintcodelo               intcodelo    00000E
__Lintentry                intentry     000000
__Lintret                  intret       000000
__Lintsave_regs            intsave_regs 000000
__Lirdata                  irdata       000000
__Lmediumconst             mediumconst  000000
__LnvFARRAM                nvFARRAM     000000
__Lnvbit                   nvbit        000000
__Lnvrram                  nvrram       000000
__Lparam                   rparam       000000
__Lpowerup                 powerup      00000E
__Lram                     ram          000000
__Lramtop                  ramtop       000800
__Lrbit                    rbit         000000
__Lrbss                    rbss         000000
__Lrdata                   rdata        000000
__Lreset_vec               reset_vec    000000
__Lrparam                  rparam       000000
__Lsfr                     sfr          000000
__Lsmallconst              smallconst   000800
__Lspace_0                 (abs)        000000
__Lspace_1                 (abs)        000000
__Lspace_2                 (abs)        000000
__Lstack                   stack        000000
__Lstruct                  struct       000000
__Ltemp                    temp         00003D
__Ltext                    text         000000
__Ltext0                   text0        000000
__Ltext1                   text1        000000
__Ltext10                  text10       000000
__Ltext11                  text11       000000
__Ltext12                  text12       000000
__Ltext13                  text13       000000
__Ltext14                  text14       000000
__Ltext15                  text15       000000
__Ltext16                  text16       000000
__Ltext17                  text17       000000
__Ltext18                  text18       000000
__Ltext19                  text19       000000
__Ltext2                   text2        000000
__Ltext20                  text20       000000
__Ltext21                  text21       000000
__Ltext22                  text22       000000
__Ltext23                  text23       000000
__Ltext24                  text24       000000
__Ltext25                  text25       000000
__Ltext26                  text26       000000
__Ltext27                  text27       000000
__Ltext28                  text28       000000
__Ltext29                  text29       000000
__Ltext3                   text3        000000
__Ltext30                  text30       000000
__Ltext31                  text31       000000
__Ltext32                  text32       000000
__Ltext33                  text33       000000
__Ltext34                  text34       000000
__Ltext35                  text35       000000
__Ltext36                  text36       000000
__Ltext37                  text37       000000
__Ltext38                  text38       000000
__Ltext39                  text39       000000
__Ltext4                   text4        000000
__Ltext40                  text40       000000
__Ltext41                  text41       000000
__Ltext42                  text42       000000
__Ltext43                  text43       000000
__Ltext44                  text44       000000
__Ltext45                  text45       000000
__Ltext46                  text46       000000
__Ltext47                  text47       000000
__Ltext48                  text48       000000
__Ltext49                  text49       000000
__Ltext5                   text5        000000
__Ltext50                  text50       000000
__Ltext51                  text51       000000
__Ltext52                  text52       000000
__Ltext53                  text53       000000
__Ltext54                  text54       000000
__Ltext55                  text55       000000
__Ltext56                  text56       000000
__Ltext57                  text57       000000
__Ltext58                  text58       000000
__Ltext59                  text59       000000
__Ltext6                   text6        000000
__Ltext60                  text60       000000
__Ltext61                  text61       000000
__Ltext62                  text62       000000
__Ltext64                  text64       000000
__Ltext7                   text7        000000
__Ltext8                   text8        000000
__Ltext9                   text9        000000
__S0                       (abs)        30000E
__S1                       (abs)        0003EA
__S2                       (abs)        000000
___aldiv                   text42       00436A
___aldiv@counter           cstackCOMRAM 00000C
___aldiv@dividend          cstackCOMRAM 000004
___aldiv@divisor           cstackCOMRAM 000008
___aldiv@quotient          cstackCOMRAM 00000E
___aldiv@sign              cstackCOMRAM 00000D
___almod                   text20       004680
___almod@counter           cstackCOMRAM 00000C
___almod@dividend          cstackCOMRAM 000004
___almod@divisor           cstackCOMRAM 000008
___almod@sign              cstackCOMRAM 00000D
___fladd                   text28       0019BE
___fladd@a                 cstackCOMRAM 000008
___fladd@aexp              cstackCOMRAM 000011
___fladd@b                 cstackCOMRAM 000004
___fladd@bexp              cstackCOMRAM 000012
___fladd@grs               cstackCOMRAM 000013
___fladd@signs             cstackCOMRAM 000010
___fldiv                   text24       0022A8
___fldiv@a                 cstackCOMRAM 000008
___fldiv@aexp              cstackCOMRAM 00001C
___fldiv@b                 cstackCOMRAM 000004
___fldiv@bexp              cstackCOMRAM 00001B
___fldiv@grs               cstackCOMRAM 000017
___fldiv@new_exp           cstackCOMRAM 000015
___fldiv@rem               cstackCOMRAM 000010
___fldiv@sign              cstackCOMRAM 000014
___fleq                    text30       004A74
___fleq@ff1                cstackCOMRAM 000004
___fleq@ff2                cstackCOMRAM 000008
___flge                    text33       00457C
___flge@ff1                cstackCOMRAM 000004
___flge@ff2                cstackCOMRAM 000008
___flmul                   text23       001E7E
___flmul@a                 cstackCOMRAM 000008
___flmul@aexp              cstackCOMRAM 000011
___flmul@b                 cstackCOMRAM 000004
___flmul@bexp              cstackCOMRAM 000016
___flmul@grs               cstackCOMRAM 000012
___flmul@prod              cstackCOMRAM 000017
___flmul@sign              cstackCOMRAM 000010
___flmul@temp              cstackCOMRAM 00001B
___flneg                   text29       005376
___flneg@f1                cstackCOMRAM 000004
___flsub                   text27       0051E2
___flsub@a                 cstackCOMRAM 000021
___flsub@b                 cstackCOMRAM 00001D
___fltol                   text26       004476
___fltol@exp1              cstackCOMRAM 000026
___fltol@f1                cstackCOMRAM 00001D
___fltol@sign1             cstackCOMRAM 000025
___inthi_sp                stack        000000
___intlo_sp                stack        000000
___param_bank              (abs)        000000
___rparam_used             (abs)        000001
___sp                      stack        000000
___wmul                    text15       005488
___wmul@multiplicand       cstackCOMRAM 000006
___wmul@multiplier         cstackCOMRAM 000004
___wmul@product            cstackCOMRAM 000008
___xxtofl                  text25       00398A
___xxtofl@arg              cstackCOMRAM 00000E
___xxtofl@exp              cstackCOMRAM 00000D
___xxtofl@sign             cstackCOMRAM 00000C
___xxtofl@val              cstackCOMRAM 000004
__accesstop                (abs)        000060
__activetblptr             (abs)        000002
__end_of_BLED_Color        text62       0049C2
__end_of_BLED_Enable       text47       005150
__end_of_BLED_Toggle       text64       0052F6
__end_of_CreateChar        text55       005016
__end_of_INTERRUPT_Init    text46       005566
__end_of_INTERRUPT_Tmr0    text45       00556C
__end_of_KBD_GetChar       text54       003CE2
__end_of_KBD_InChar        text53       0050BC
__end_of_KBD_Init          text44       00555E
__end_of_LCD_CLS           text52       005438
__end_of_LCD_DisplayCtrl   text51       0054F8
__end_of_LCD_Init          text43       004BC4
__end_of_LCD_Lat           text61       00553C
__end_of_LCD_RH            text50       00540E
__end_of_LCD_SendCmd       text59       005462
__end_of_LCD_SendNibble    text60       00554E
__end_of_LCD_SetCGRAM      text58       0054D4
__end_of_LCD_SetRowCol     text57       00519A
__end_of_LCD_Write         text48       004900
__end_of_LCD_WriteByte     text56       005510
__end_of_LCD_WriteChar     text49       0052B4
__end_of_SERIAL_Init       text41       004D68
__end_of_SERIAL_Write      text35       00526E
__end_of_SERIAL_WriteChar  text37       005526
__end_of_SYSTEM_Init       text38       005106
__end_of_TIMER0_Int        text40       005376
__end_of_TIMER0_SetPs      text39       004A74
__end_of___aldiv           text42       004476
__end_of___almod           text20       00476C
__end_of___fladd           text28       001E7E
__end_of___fldiv           text24       002642
__end_of___fleq            text30       004B1E
__end_of___flge            text33       004680
__end_of___flmul           text23       0022A8
__end_of___flneg           text29       0053AE
__end_of___flsub           text27       005228
__end_of___fltol           text26       00457C
__end_of___wmul            text15       0054AE
__end_of___xxtofl          text25       003B3E
__end_of__initialization   cinit        004E3E
__end_of_addOx             text34       003FE0
__end_of_addSig            text32       004134
__end_of_atoui             text14       00483C
__end_of_cleanS            text31       00506A
__end_of_ftoa              text21       002974
__end_of_ftoa_sci          text16       002F4A
__end_of_getWP             text11       00319A
__end_of_itoa              text17       003E68
__end_of_main              text0        0037BC
__end_of_myISR             intcode_body 0051E2
__end_of_my_vprintf        text1        001466
__end_of_normalize         text22       004254
__end_of_posc              text13       004EAE
__end_of_precE             text9        0035D0
__end_of_precF             text8        00398A
__end_of_precG             text7        0019BE
__end_of_precI             text6        00436A
__end_of_precS             text5        004DE0
__end_of_reverse           text18       004C5C
__end_of_roundStr          text10       002C6A
__end_of_searchc           text12       004FC0
__end_of_setWidth          text4        0033C6
__end_of_strcat            text3        005488
__end_of_strcpy            text19       004F66
__end_of_strlen            text36       0053E4
__end_of_upperCL           text2        004CE6
__end_offtoa@width         smallconst   000812
__end_offtoa_sci@width     smallconst   000814
__end_ofmy_vprintf@tipo    smallconst   000810
__initialization           cinit        004DE0
__mediumconst              mediumconst  000000
__pbssBANK0                bssBANK0     0000BC
__pbssBANK2                bssBANK2     000200
__pbssCOMRAM               bssCOMRAM    00003A
__pcinit                   cinit        004DE0
__pcstackBANK0             cstackBANK0  0000D3
__pcstackBANK1             cstackBANK1  000100
__pcstackBANK3             cstackBANK3  000300
__pcstackCOMRAM            cstackCOMRAM 000001
__pdataBANK0               dataBANK0    000060
__pdataBANK2               dataBANK2    000280
__pidataBANK0              idataBANK0   004EAE
__pidataBANK2              idataBANK2   0052F6
__pintcode                 intcode      000008
__pintcode_body            intcode_body 00519A
__psmallconst              smallconst   000800
__ptext0                   text0        0035D0
__ptext1                   text1        0008E8
__ptext10                  text10       002974
__ptext11                  text11       002F4A
__ptext12                  text12       004F66
__ptext13                  text13       004E4C
__ptext14                  text14       00476C
__ptext15                  text15       005488
__ptext16                  text16       002C6A
__ptext17                  text17       003CE2
__ptext18                  text18       004BC4
__ptext19                  text19       004F0A
__ptext2                   text2        004C5C
__ptext20                  text20       004680
__ptext21                  text21       002642
__ptext22                  text22       004134
__ptext23                  text23       001E7E
__ptext24                  text24       0022A8
__ptext25                  text25       00398A
__ptext26                  text26       004476
__ptext27                  text27       0051E2
__ptext28                  text28       0019BE
__ptext29                  text29       005376
__ptext3                   text3        005462
__ptext30                  text30       004A74
__ptext31                  text31       005016
__ptext32                  text32       003FE0
__ptext33                  text33       00457C
__ptext34                  text34       003E68
__ptext35                  text35       005228
__ptext36                  text36       0053AE
__ptext37                  text37       005510
__ptext38                  text38       0050BC
__ptext39                  text39       0049C2
__ptext4                   text4        00319A
__ptext40                  text40       005336
__ptext41                  text41       004CE6
__ptext42                  text42       00436A
__ptext43                  text43       004B1E
__ptext44                  text44       00554E
__ptext45                  text45       005566
__ptext46                  text46       00555E
__ptext47                  text47       005106
__ptext48                  text48       00483C
__ptext49                  text49       00526E
__ptext5                   text5        004D68
__ptext50                  text50       0053E4
__ptext51                  text51       0054D4
__ptext52                  text52       00540E
__ptext53                  text53       00506A
__ptext54                  text54       003B3E
__ptext55                  text55       004FC0
__ptext56                  text56       0054F8
__ptext57                  text57       005150
__ptext58                  text58       0054AE
__ptext59                  text59       005438
__ptext6                   text6        004254
__ptext60                  text60       00553C
__ptext61                  text61       005526
__ptext62                  text62       004900
__ptext64                  text64       0052B4
__ptext7                   text7        001466
__ptext8                   text8        0037BC
__ptext9                   text9        0033C6
__ramtop                   ramtop       000800
__size_of_BLED_Color       (abs)        000000
__size_of_BLED_Enable      (abs)        000000
__size_of_BLED_Toggle      (abs)        000000
__size_of_CreateChar       (abs)        000000
__size_of_INTERRUPT_Init   (abs)        000000
__size_of_INTERRUPT_Tmr0   (abs)        000000
__size_of_KBD_GetChar      (abs)        000000
__size_of_KBD_InChar       (abs)        000000
__size_of_KBD_Init         (abs)        000000
__size_of_LCD_CLS          (abs)        000000
__size_of_LCD_DisplayCtrl  (abs)        000000
__size_of_LCD_Init         (abs)        000000
__size_of_LCD_Lat          (abs)        000000
__size_of_LCD_RH           (abs)        000000
__size_of_LCD_SendCmd      (abs)        000000
__size_of_LCD_SendNibble   (abs)        000000
__size_of_LCD_SetCGRAM     (abs)        000000
__size_of_LCD_SetRowCol    (abs)        000000
__size_of_LCD_Write        (abs)        000000
__size_of_LCD_WriteByte    (abs)        000000
__size_of_LCD_WriteChar    (abs)        000000
__size_of_SERIAL_Init      (abs)        000000
__size_of_SERIAL_Write     (abs)        000000
__size_of_SERIAL_WriteChar (abs)        000000
__size_of_SYSTEM_Init      (abs)        000000
__size_of_TIMER0_Int       (abs)        000000
__size_of_TIMER0_SetPs     (abs)        000000
__size_of___aldiv          (abs)        000000
__size_of___almod          (abs)        000000
__size_of___fladd          (abs)        000000
__size_of___fldiv          (abs)        000000
__size_of___fleq           (abs)        000000
__size_of___flge           (abs)        000000
__size_of___flmul          (abs)        000000
__size_of___flneg          (abs)        000000
__size_of___flsub          (abs)        000000
__size_of___fltol          (abs)        000000
__size_of___wmul           (abs)        000000
__size_of___xxtofl         (abs)        000000
__size_of_addOx            (abs)        000000
__size_of_addSig           (abs)        000000
__size_of_atoui            (abs)        000000
__size_of_cleanS           (abs)        000000
__size_of_ftoa             (abs)        000000
__size_of_ftoa_sci         (abs)        000000
__size_of_getWP            (abs)        000000
__size_of_itoa             (abs)        000000
__size_of_main             (abs)        000000
__size_of_myISR            (abs)        000000
__size_of_my_vprintf       (abs)        000000
__size_of_normalize        (abs)        000000
__size_of_posc             (abs)        000000
__size_of_precE            (abs)        000000
__size_of_precF            (abs)        000000
__size_of_precG            (abs)        000000
__size_of_precI            (abs)        000000
__size_of_precS            (abs)        000000
__size_of_reverse          (abs)        000000
__size_of_roundStr         (abs)        000000
__size_of_searchc          (abs)        000000
__size_of_setWidth         (abs)        000000
__size_of_strcat           (abs)        000000
__size_of_strcpy           (abs)        000000
__size_of_strlen           (abs)        000000
__size_of_upperCL          (abs)        000000
__smallconst               smallconst   000800
_addOx                     text34       003E68
_addSig                    text32       003FE0
_alingL                    bssCOMRAM    00003C
_atoui                     text14       00476C
_c                         bssBANK0     0000D2
_cleanS                    text31       005016
_count                     bssBANK0     0000CC
_ftoa                      text21       002642
_ftoa_sci                  text16       002C6A
_getWP                     text11       002F4A
_itoa                      text17       003CE2
_itoa$1596                 cstackCOMRAM 000018
_keyPad                    dataBANK0    0000A0
_lcd_c                     bssBANK0     0000C6
_lcd_r                     bssCOMRAM    00003A
_main                      text0        0035D0
_myISR                     intcode      000008
_my_vprintf                text1        0008E8
_normalize                 text22       004134
_numeral                   bssCOMRAM    00003B
_posc                      text13       004E4C
_precE                     text9        0033C6
_precF                     text8        0037BC
_precG                     text7        001466
_precI                     text6        004254
_precInt                   bssBANK0     0000CF
_precS                     text5        004D68
_reverse                   text18       004BC4
_roundStr                  text10       002974
_searchc                   text12       004F66
_setWidth                  text4        00319A
_sig                       bssBANK0     0000D1
_space                     bssBANK0     0000CE
_strcat                    text3        005462
_strcpy                    text19       004F0A
_strlen                    text36       0053AE
_upperCL                   text2        004C5C
_zeros                     bssBANK0     0000D0
addOx@hoS                  cstackCOMRAM 000008
addOx@k                    cstackCOMRAM 000011
addOx@len                  cstackCOMRAM 00000F
addOx@num                  cstackCOMRAM 00000A
addOx@type                 cstackCOMRAM 00000C
addSig@k                   cstackCOMRAM 00001C
addSig@len                 cstackCOMRAM 00001A
addSig@num                 cstackCOMRAM 000014
addSig@numS                cstackCOMRAM 000012
atoui@i                    cstackCOMRAM 000011
atoui@num                  cstackCOMRAM 00000D
atoui@str                  cstackCOMRAM 00000A
atoui@vp                   cstackCOMRAM 00000F
btemp                      temp         00003D
cleanS@i                   cstackCOMRAM 00000D
cleanS@len                 cstackCOMRAM 00000B
cleanS@str                 cstackCOMRAM 000008
end_of_initialization      cinit        004E3E
ftoa@buffer                cstackCOMRAM 000027
ftoa@digit                 cstackCOMRAM 00002D
ftoa@digit_1622            cstackCOMRAM 00002F
ftoa@exponent              cstackCOMRAM 000031
ftoa@places                cstackCOMRAM 000033
ftoa@value                 cstackCOMRAM 000029
ftoa_sci@buffer            cstackBANK0  0000DB
ftoa_sci@digit             cstackCOMRAM 000027
ftoa_sci@digit_1614        cstackCOMRAM 000029
ftoa_sci@exponent          cstackCOMRAM 00002D
ftoa_sci@i                 cstackCOMRAM 00002B
ftoa_sci@value             cstackBANK0  0000DD
getWP@form                 cstackBANK0  0000D3
getWP@i                    cstackCOMRAM 000024
getWP@j                    cstackCOMRAM 00002A
getWP@k                    cstackCOMRAM 000026
getWP@len                  cstackCOMRAM 000022
getWP@p                    cstackCOMRAM 000028
getWP@prec_str             cstackCOMRAM 000018
getWP@precision            cstackBANK0  0000D7
getWP@width                cstackBANK0  0000D5
getWP@width_str            cstackCOMRAM 00001D
int$flags                  temp         00003D
int_func                   intcode_body 00519A
intlevel0                  text         000000
intlevel1                  text         000000
intlevel2                  text         000000
intlevel3                  text         000000
itoa@base_                 cstackBANK0  0000D9
itoa@i                     cstackCOMRAM 000020
itoa@num                   cstackBANK0  0000D5
itoa@rem                   cstackCOMRAM 00001C
itoa@str                   cstackBANK0  0000D3
my_vprintf@F3551           dataBANK0    000060
my_vprintf@buffer          cstackBANK3  000390
my_vprintf@ch              cstackBANK3  0003D0
my_vprintf@char_temp       cstackBANK3  000380
my_vprintf@double_temp     cstackBANK3  0003E0
my_vprintf@error           cstackBANK3  0003D4
my_vprintf@expA            cstackBANK3  0003D6
my_vprintf@format          cstackBANK3  000384
my_vprintf@i               cstackBANK3  0003E4
my_vprintf@int_temp        cstackBANK3  0003DE
my_vprintf@j               cstackBANK3  0003DC
my_vprintf@length          cstackBANK3  000382
my_vprintf@prec            cstackBANK3  0003E8
my_vprintf@sformat         cstackBANK0  0000E1
my_vprintf@string          cstackBANK3  000300
my_vprintf@string_temp     cstackBANK3  00038E
my_vprintf@tipo            smallconst   000801
my_vprintf@uint_temp       cstackBANK3  0003D2
my_vprintf@valist          cstackBANK3  0003E6
my_vprintf@width           cstackBANK3  0003DA
my_vprintf@x               cstackBANK3  0003D8
normalize@exponent         cstackCOMRAM 00001F
normalize@val              cstackCOMRAM 00001D
normalize@value            cstackCOMRAM 000021
posc@a                     cstackCOMRAM 00000C
posc@c                     cstackCOMRAM 00000A
posc@str                   cstackCOMRAM 000008
precE@i                    cstackCOMRAM 00002B
precE@j                    cstackCOMRAM 00002D
precE@k                    cstackCOMRAM 00002F
precE@len                  cstackCOMRAM 000027
precE@p                    cstackCOMRAM 000025
precE@posE                 cstackCOMRAM 000029
precE@precision            cstackCOMRAM 000021
precE@str                  cstackCOMRAM 00001F
precF@i                    cstackCOMRAM 00002A
precF@j                    cstackCOMRAM 000026
precF@k                    cstackCOMRAM 00002E
precF@len                  cstackCOMRAM 00002C
precF@p                    cstackCOMRAM 000028
precF@precision            cstackCOMRAM 000021
precF@str                  cstackCOMRAM 00001F
precG@digS                 cstackCOMRAM 00002A
precG@f                    cstackCOMRAM 000028
precG@i                    cstackCOMRAM 000034
precG@j                    cstackCOMRAM 000030
precG@k                    cstackCOMRAM 000032
precG@len                  cstackCOMRAM 00002E
precG@p                    cstackCOMRAM 000026
precG@posE                 cstackCOMRAM 00002C
precG@precision            cstackCOMRAM 000021
precG@str                  cstackCOMRAM 00001F
precI@i                    cstackCOMRAM 000014
precI@j                    cstackCOMRAM 000010
precI@k                    cstackCOMRAM 00000E
precI@len                  cstackCOMRAM 000012
precI@precision            cstackCOMRAM 00000A
precI@str                  cstackCOMRAM 000008
precS@i                    cstackCOMRAM 000010
precS@len                  cstackCOMRAM 00000E
precS@precision            cstackCOMRAM 00000A
precS@str                  cstackCOMRAM 000008
reverse@F192               dataBANK2    000280
reverse@auxstr             cstackBANK1  000100
reverse@i                  cstackBANK1  000142
reverse@j                  cstackBANK1  000140
reverse@str                cstackCOMRAM 000012
roundStr@decnum            cstackCOMRAM 00000E
roundStr@e                 cstackCOMRAM 000010
roundStr@i                 cstackCOMRAM 00001B
roundStr@k                 cstackCOMRAM 00001D
roundStr@len               cstackCOMRAM 000017
roundStr@p                 cstackCOMRAM 000019
roundStr@prn               cstackCOMRAM 000012
searchc@a                  cstackCOMRAM 00000C
searchc@c                  cstackCOMRAM 00000A
searchc@str                cstackCOMRAM 000008
setWidth@j                 cstackCOMRAM 000012
setWidth@len               cstackCOMRAM 000010
setWidth@str               cstackCOMRAM 000008
setWidth@width             cstackCOMRAM 00000A
setWidth@widthDif          cstackCOMRAM 00000E
stackhi                    (abs)        0007FF
stacklo                    (abs)        0003EA
start                      init         00000E
start_initialization       cinit        004DE0
strcat@dest                cstackCOMRAM 000012
strcat@src                 cstackCOMRAM 000014
strcpy@d                   cstackCOMRAM 000010
strcpy@dest                cstackCOMRAM 000008
strcpy@s                   cstackCOMRAM 00000E
strcpy@src                 cstackCOMRAM 00000A
strlen@a                   cstackCOMRAM 000006
strlen@s                   cstackCOMRAM 000004
ttemp5                     temp         00003E
ttemp6                     temp         000041
ttemp7                     temp         000045
upperCL@i                  cstackCOMRAM 00000B
upperCL@str                cstackCOMRAM 000008
wtemp8                     temp         00003E


FUNCTION INFORMATION:

 *************** function _main *****************
 Defined at:
		line 56 in file "src/main.c"
 Parameters:    Size  Location     Type
		None
 Auto vars:     Size  Location     Type
		None
 Return value:  Size  Location     Type
                  1    wreg      void 
 Registers used:
		wreg, fsr1l, fsr1h, fsr2l, fsr2h, status,2, status,0, tblptrl, tblptrh, tblptru, prodl, prodh, cstack
 Tracked objects:
		On entry : 
		On exit  : 
		Unchanged: 
 Data sizes:     COMRAM   BANK0   BANK1   BANK2   BANK3   BANK4   BANK5   BANK6   BANK7
      Params:         0       0       0       0       0       0       0       0       0
      Locals:         0       0       0       0       0       0       0       0       0
      Temps:          2       0       0       0       0       0       0       0       0
      Totals:         2       0       0       0       0       0       0       0       0
Total ram usage:        2 bytes
 Hardware stack levels required when called:    8
 This function calls:
		_BLED_Color
		_CreateChar
		_KBD_GetChar
		_KBD_InChar
		_LCD_CLS
		_LCD_DisplayCtrl
		_LCD_SetRowCol
		_LCD_Write
		_SYSTEM_Init
		_my_vprintf
 This function is called by:
		Startup code after reset
 This function uses a non-reentrant model


 *************** function _my_vprintf *****************
 Defined at:
		line 8 in file "src/print/my_print.c"
 Parameters:    Size  Location     Type
  sformat         2   14[BANK0 ] PTR const unsigned char 
		 -> STR_8(25), STR_7(17), STR_5(31), STR_3(29), 
		 -> STR_1(13), 
 Auto vars:     Size  Location     Type
  string        128    0[BANK3 ] unsigned char [128]
  buffer         64  144[BANK3 ] unsigned char [64]
  format         10  132[BANK3 ] unsigned char [10]
  double_temp     4  224[BANK3 ] unsigned char [10]
  prec            2  232[BANK3 ] int 
  valist          2  230[BANK3 ] PTR void [1]
		 -> ?_my_vprintf(2), 
  i               2  228[BANK3 ] int 
  int_temp        2  222[BANK3 ] int 
  j               2  220[BANK3 ] int 
  width           2  218[BANK3 ] int 
  x               2  216[BANK3 ] int 
  ch              2  208[BANK3 ] unsigned char [2]
  expA            2  214[BANK3 ] int 
  char_temp       2  128[BANK3 ] unsigned char [2]
  error           2  212[BANK3 ] int 
  uint_temp       2  210[BANK3 ] unsigned short 
  string_temp     2  142[BANK3 ] PTR unsigned char 
		 -> ?_my_vprintf(2), 
  length          2  130[BANK3 ] int 
 Return value:  Size  Location     Type
                  2   14[BANK0 ] int 
 Registers used:
		wreg, fsr1l, fsr1h, fsr2l, fsr2h, status,2, status,0, tblptrl, tblptrh, tblptru, prodl, prodh, cstack
 Tracked objects:
		On entry : 
		On exit  : 
		Unchanged: 
 Data sizes:     COMRAM   BANK0   BANK1   BANK2   BANK3   BANK4   BANK5   BANK6   BANK7
      Params:         0       4       0       0       0       0       0       0       0
      Locals:         0       0       0       0     234       0       0       0       0
      Temps:          2       0       0       0       0       0       0       0       0
      Totals:         2       4       0       0     234       0       0       0       0
Total ram usage:      240 bytes
 Hardware stack levels used:    1
 Hardware stack levels required when called:    6
 This function calls:
		_SERIAL_Write
		___xxtofl
		_addOx
		_addSig
		_cleanS
		_ftoa
		_ftoa_sci
		_getWP
		_itoa
		_precE
		_precF
		_precG
		_precI
		_precS
		_setWidth
		_strcat
		_strcpy
		_strlen
		_upperCL
 This function is called by:
		_main
 This function uses a non-reentrant model


 *************** function _upperCL *****************
 Defined at:
		line 103 in file "src/print/format.c"
 Parameters:    Size  Location     Type
  str             2    7[COMRAM] PTR unsigned char 
		 -> my_vprintf@buffer(64), 
 Auto vars:     Size  Location     Type
  i               2   10[COMRAM] int 
 Return value:  Size  Location     Type
                  1    wreg      void 
 Registers used:
		wreg, fsr1l, fsr1h, fsr2l, fsr2h, status,2, status,0, cstack
 Tracked objects:
		On entry : 
		On exit  : 
		Unchanged: 
 Data sizes:     COMRAM   BANK0   BANK1   BANK2   BANK3   BANK4   BANK5   BANK6   BANK7
      Params:         2       0       0       0       0       0       0       0       0
      Locals:         2       0       0       0       0       0       0       0       0
      Temps:          1       0       0       0       0       0       0       0       0
      Totals:         5       0       0       0       0       0       0       0       0
Total ram usage:        5 bytes
 Hardware stack levels used:    1
 Hardware stack levels required when called:    3
 This function calls:
		_strlen
 This function is called by:
		_my_vprintf
 This function uses a non-reentrant model


 *************** function _strcat *****************
 Defined at:
		line 3 in file "C:\Program Files (x86)\Microchip\xc8\v2.10\pic\sources\c99\common\strcat.c"
 Parameters:    Size  Location     Type
  dest            2   17[COMRAM] PTR unsigned char 
		 -> my_vprintf@string(128), 
  src             2   19[COMRAM] PTR const unsigned char 
		 -> my_vprintf@buffer(64), my_vprintf@ch(2), 
 Auto vars:     Size  Location     Type
		None
 Return value:  Size  Location     Type
                  2   17[COMRAM] PTR unsigned char 
 Registers used:
		wreg, fsr1l, fsr1h, fsr2l, fsr2h, status,2, status,0, tblptrl, tblptrh, tblptru, cstack
 Tracked objects:
		On entry : 
		On exit  : 
		Unchanged: 
 Data sizes:     COMRAM   BANK0   BANK1   BANK2   BANK3   BANK4   BANK5   BANK6   BANK7
      Params:         4       0       0       0       0       0       0       0       0
      Locals:         0       0       0       0       0       0       0       0       0
      Temps:          0       0       0       0       0       0       0       0       0
      Totals:         4       0       0       0       0       0       0       0       0
Total ram usage:        4 bytes
 Hardware stack levels used:    1
 Hardware stack levels required when called:    3
 This function calls:
		_strcpy
		_strlen
 This function is called by:
		_my_vprintf
 This function uses a non-reentrant model


 *************** function _setWidth *****************
 Defined at:
		line 403 in file "src/print/format.c"
 Parameters:    Size  Location     Type
  str             2    7[COMRAM] PTR unsigned char 
		 -> my_vprintf@buffer(64), 
  width           2    9[COMRAM] PTR int 
		 -> my_vprintf@width(2), 
 Auto vars:     Size  Location     Type
  j               2   17[COMRAM] int 
  len             2   15[COMRAM] int 
  widthDif        2   13[COMRAM] int 
 Return value:  Size  Location     Type
                  1    wreg      void 
 Registers used:
		wreg, fsr1l, fsr1h, fsr2l, fsr2h, status,2, status,0, cstack
 Tracked objects:
		On entry : 
		On exit  : 
		Unchanged: 
 Data sizes:     COMRAM   BANK0   BANK1   BANK2   BANK3   BANK4   BANK5   BANK6   BANK7
      Params:         4       0       0       0       0       0       0       0       0
      Locals:         6       0       0       0       0       0       0       0       0
      Temps:          2       0       0       0       0       0       0       0       0
      Totals:        12       0       0       0       0       0       0       0       0
Total ram usage:       12 bytes
 Hardware stack levels used:    1
 Hardware stack levels required when called:    3
 This function calls:
		_strlen
 This function is called by:
		_my_vprintf
 This function uses a non-reentrant model


 *************** function _precS *****************
 Defined at:
		line 348 in file "src/print/format.c"
 Parameters:    Size  Location     Type
  str             2    7[COMRAM] PTR unsigned char 
		 -> my_vprintf@buffer(64), 
  precision       2    9[COMRAM] PTR int 
		 -> my_vprintf@prec(2), 
 Auto vars:     Size  Location     Type
  i               2   15[COMRAM] int 
  len             2   13[COMRAM] int 
 Return value:  Size  Location     Type
                  1    wreg      void 
 Registers used:
		wreg, fsr2l, fsr2h, status,2, status,0, cstack
 Tracked objects:
		On entry : 
		On exit  : 
		Unchanged: 
 Data sizes:     COMRAM   BANK0   BANK1   BANK2   BANK3   BANK4   BANK5   BANK6   BANK7
      Params:         4       0       0       0       0       0       0       0       0
      Locals:         4       0       0       0       0       0       0       0       0
      Temps:          2       0       0       0       0       0       0       0       0
      Totals:        10       0       0       0       0       0       0       0       0
Total ram usage:       10 bytes
 Hardware stack levels used:    1
 Hardware stack levels required when called:    3
 This function calls:
		_strlen
 This function is called by:
		_my_vprintf
 This function uses a non-reentrant model


 *************** function _precI *****************
 Defined at:
		line 323 in file "src/print/format.c"
 Parameters:    Size  Location     Type
  str             2    7[COMRAM] PTR unsigned char 
		 -> my_vprintf@buffer(64), 
  precision       2    9[COMRAM] PTR int 
		 -> my_vprintf@prec(2), 
 Auto vars:     Size  Location     Type
  i               2   19[COMRAM] int 
  len             2   17[COMRAM] int 
  j               2   15[COMRAM] int 
  k               2   13[COMRAM] int 
 Return value:  Size  Location     Type
                  1    wreg      void 
 Registers used:
		wreg, fsr1l, fsr1h, fsr2l, fsr2h, status,2, status,0, cstack
 Tracked objects:
		On entry : 
		On exit  : 
		Unchanged: 
 Data sizes:     COMRAM   BANK0   BANK1   BANK2   BANK3   BANK4   BANK5   BANK6   BANK7
      Params:         4       0       0       0       0       0       0       0       0
      Locals:         8       0       0       0       0       0       0       0       0
      Temps:          2       0       0       0       0       0       0       0       0
      Totals:        14       0       0       0       0       0       0       0       0
Total ram usage:       14 bytes
 Hardware stack levels used:    1
 Hardware stack levels required when called:    3
 This function calls:
		_strlen
 This function is called by:
		_my_vprintf
 This function uses a non-reentrant model


 *************** function _precG *****************
 Defined at:
		line 239 in file "src/print/format.c"
 Parameters:    Size  Location     Type
  str             2   30[COMRAM] PTR unsigned char 
		 -> my_vprintf@buffer(64), 
  precision       2   32[COMRAM] PTR int 
		 -> my_vprintf@prec(2), 
 Auto vars:     Size  Location     Type
  i               2   51[COMRAM] int 
  k               2   49[COMRAM] int 
  j               2   47[COMRAM] int 
  len             2   45[COMRAM] int 
  posE            2   43[COMRAM] int 
  digS            2   41[COMRAM] int 
  f               2   39[COMRAM] int 
  p               2   37[COMRAM] int 
 Return value:  Size  Location     Type
                  1    wreg      void 
 Registers used:
		wreg, fsr1l, fsr1h, fsr2l, fsr2h, status,2, status,0, cstack
 Tracked objects:
		On entry : 
		On exit  : 
		Unchanged: 
 Data sizes:     COMRAM   BANK0   BANK1   BANK2   BANK3   BANK4   BANK5   BANK6   BANK7
      Params:         4       0       0       0       0       0       0       0       0
      Locals:        16       0       0       0       0       0       0       0       0
      Temps:          3       0       0       0       0       0       0       0       0
      Totals:        23       0       0       0       0       0       0       0       0
Total ram usage:       23 bytes
 Hardware stack levels used:    1
 Hardware stack levels required when called:    5
 This function calls:
		_posc
		_roundStr
		_strlen
 This function is called by:
		_my_vprintf
 This function uses a non-reentrant model


 *************** function _precF *****************
 Defined at:
		line 173 in file "src/print/format.c"
 Parameters:    Size  Location     Type
  str             2   30[COMRAM] PTR unsigned char 
		 -> my_vprintf@buffer(64), 
  precision       2   32[COMRAM] PTR int 
		 -> my_vprintf@prec(2), 
 Auto vars:     Size  Location     Type
  k               2   45[COMRAM] int 
  len             2   43[COMRAM] int 
  i               2   41[COMRAM] int 
  p               2   39[COMRAM] int 
  j               2   37[COMRAM] int 
 Return value:  Size  Location     Type
                  1    wreg      void 
 Registers used:
		wreg, fsr2l, fsr2h, status,2, status,0, cstack
 Tracked objects:
		On entry : 
		On exit  : 
		Unchanged: 
 Data sizes:     COMRAM   BANK0   BANK1   BANK2   BANK3   BANK4   BANK5   BANK6   BANK7
      Params:         4       0       0       0       0       0       0       0       0
      Locals:        10       0       0       0       0       0       0       0       0
      Temps:          3       0       0       0       0       0       0       0       0
      Totals:        17       0       0       0       0       0       0       0       0
Total ram usage:       17 bytes
 Hardware stack levels used:    1
 Hardware stack levels required when called:    5
 This function calls:
		_posc
		_roundStr
		_searchc
		_strlen
 This function is called by:
		_my_vprintf
 This function uses a non-reentrant model


 *************** function _precE *****************
 Defined at:
		line 202 in file "src/print/format.c"
 Parameters:    Size  Location     Type
  str             2   30[COMRAM] PTR unsigned char 
		 -> my_vprintf@buffer(64), 
  precision       2   32[COMRAM] PTR int 
		 -> my_vprintf@prec(2), 
 Auto vars:     Size  Location     Type
  k               2   46[COMRAM] int 
  j               2   44[COMRAM] int 
  i               2   42[COMRAM] int 
  posE            2   40[COMRAM] int 
  len             2   38[COMRAM] int 
  p               2   36[COMRAM] int 
 Return value:  Size  Location     Type
                  1    wreg      void 
 Registers used:
		wreg, fsr1l, fsr1h, fsr2l, fsr2h, status,2, status,0, cstack
 Tracked objects:
		On entry : 
		On exit  : 
		Unchanged: 
 Data sizes:     COMRAM   BANK0   BANK1   BANK2   BANK3   BANK4   BANK5   BANK6   BANK7
      Params:         4       0       0       0       0       0       0       0       0
      Locals:        12       0       0       0       0       0       0       0       0
      Temps:          2       0       0       0       0       0       0       0       0
      Totals:        18       0       0       0       0       0       0       0       0
Total ram usage:       18 bytes
 Hardware stack levels used:    1
 Hardware stack levels required when called:    5
 This function calls:
		_posc
		_roundStr
		_strlen
 This function is called by:
		_my_vprintf
 This function uses a non-reentrant model


 *************** function _roundStr *****************
 Defined at:
		line 38 in file "src/print/format.c"
 Parameters:    Size  Location     Type
  decnum          2   13[COMRAM] PTR unsigned char 
		 -> my_vprintf@buffer(64), 
  e               2   15[COMRAM] int 
  prn             2   17[COMRAM] int 
 Auto vars:     Size  Location     Type
  k               2   28[COMRAM] int 
  i               2   26[COMRAM] int 
  p               2   24[COMRAM] int 
  len             2   22[COMRAM] int 
 Return value:  Size  Location     Type
                  2   13[COMRAM] int 
 Registers used:
		wreg, fsr2l, fsr2h, status,2, status,0, cstack
 Tracked objects:
		On entry : 
		On exit  : 
		Unchanged: 
 Data sizes:     COMRAM   BANK0   BANK1   BANK2   BANK3   BANK4   BANK5   BANK6   BANK7
      Params:         6       0       0       0       0       0       0       0       0
      Locals:         8       0       0       0       0       0       0       0       0
      Temps:          3       0       0       0       0       0       0       0       0
      Totals:        17       0       0       0       0       0       0       0       0
Total ram usage:       17 bytes
 Hardware stack levels used:    1
 Hardware stack levels required when called:    4
 This function calls:
		_posc
		_strlen
 This function is called by:
		_precF
		_precE
		_precG
 This function uses a non-reentrant model


 *************** function _getWP *****************
 Defined at:
		line 125 in file "src/print/format.c"
 Parameters:    Size  Location     Type
  form            2    0[BANK0 ] PTR unsigned char 
		 -> my_vprintf@format(10), 
  width           2    2[BANK0 ] PTR int 
		 -> my_vprintf@width(2), 
  precision       2    4[BANK0 ] PTR int 
		 -> my_vprintf@prec(2), 
 Auto vars:     Size  Location     Type
  width_str       5   28[COMRAM] unsigned char [5]
  prec_str        5   23[COMRAM] unsigned char [5]
  j               2   41[COMRAM] int 
  p               2   39[COMRAM] int 
  k               2   37[COMRAM] int 
  i               2   35[COMRAM] int 
  len             2   33[COMRAM] int 
 Return value:  Size  Location     Type
                  1    wreg      void 
 Registers used:
		wreg, fsr1l, fsr1h, fsr2l, fsr2h, status,2, status,0, tblptrl, tblptrh, tblptru, prodl, prodh, cstack
 Tracked objects:
		On entry : 
		On exit  : 
		Unchanged: 
 Data sizes:     COMRAM   BANK0   BANK1   BANK2   BANK3   BANK4   BANK5   BANK6   BANK7
      Params:         0       6       0       0       0       0       0       0       0
      Locals:        20       0       0       0       0       0       0       0       0
      Temps:          2       0       0       0       0       0       0       0       0
      Totals:        22       6       0       0       0       0       0       0       0
Total ram usage:       28 bytes
 Hardware stack levels used:    1
 Hardware stack levels required when called:    4
 This function calls:
		_atoui
		_posc
		_reverse
		_searchc
		_strlen
 This function is called by:
		_my_vprintf
[...]
 Data sizes:     COMRAM   BANK0   BANK1   BANK2   BANK3   BANK4   BANK5   BANK6   BANK7
      Params:         0       0       0       0       0       0       0       0       0
      Locals:         1       0       0       0       0       0       0       0       0
      Temps:          0       0       0       0       0       0       0       0       0
      Totals:         1       0       0       0       0       0       0       0       0
Total ram usage:        1 bytes
 Hardware stack levels used:    1
 Hardware stack levels required when called:    2
 This function calls:
		Nothing
 This function is called by:
		_main
 This function uses a non-reentrant model


 *************** function _KBD_GetChar *****************
 Defined at:
		line 21 in file "src/kbd.c"
 Parameters:    Size  Location     Type
		None
 Auto vars:     Size  Location     Type
  col             2   10[COMRAM] int 
  row             2    8[COMRAM] int 
  key             1    7[COMRAM] unsigned char 
 Return value:  Size  Location     Type
                  1    wreg      unsigned char 
 Registers used:
		wreg, fsr2l, fsr2h, status,2, status,0
 Tracked objects:
		On entry : 
		On exit  : 
		Unchanged: 
 Data sizes:     COMRAM   BANK0   BANK1   BANK2   BANK3   BANK4   BANK5   BANK6   BANK7
      Params:         0       0       0       0       0       0       0       0       0
      Locals:         5       0       0       0       0       0       0       0       0
      Temps:          4       0       0       0       0       0       0       0       0
      Totals:         9       0       0       0       0       0       0       0       0
Total ram usage:        9 bytes
 Hardware stack levels used:    1
 Hardware stack levels required when called:    2
 This function calls:
		Nothing
 This function is called by:
		_main
 This function uses a non-reentrant model


 *************** function _CreateChar *****************
 Defined at:
		line 140 in file "src/lcd.c"
 Parameters:    Size  Location     Type
  pattern         2   13[COMRAM] PTR unsigned char 
		 -> Pattern1(8), 
  pos             1   15[COMRAM] unsigned char 
 Auto vars:     Size  Location     Type
  i               2   16[COMRAM] int 
 Return value:  Size  Location     Type
                  1    wreg      void 
 Registers used:
		wreg, fsr2l, fsr2h, status,2, status,0, prodl, prodh, cstack
 Tracked objects:
		On entry : 
		On exit  : 
		Unchanged: 
 Data sizes:     COMRAM   BANK0   BANK1   BANK2   BANK3   BANK4   BANK5   BANK6   BANK7
      Params:         3       0       0       0       0       0       0       0       0
      Locals:         2       0       0       0       0       0       0       0       0
      Temps:          0       0       0       0       0       0       0       0       0
      Totals:         5       0       0       0       0       0       0       0       0
Total ram usage:        5 bytes
 Hardware stack levels used:    1
 Hardware stack levels required when called:    6
 This function calls:
		_LCD_SetCGRAM
		_LCD_SetRowCol
		_LCD_WriteByte
 This function is called by:
		_main
 This function uses a non-reentrant model


 *************** function _LCD_WriteByte *****************
 Defined at:
		line 54 in file "src/lcd.c"
 Parameters:    Size  Location     Type
  wData           1    wreg     unsigned char 
 Auto vars:     Size  Location     Type
  wData           1    5[COMRAM] unsigned char 
 Return value:  Size  Location     Type
                  1    wreg      void 
 Registers used:
		wreg, status,2, status,0, cstack
 Tracked objects:
		On entry : 
		On exit  : 
		Unchanged: 
 Data sizes:     COMRAM   BANK0   BANK1   BANK2   BANK3   BANK4   BANK5   BANK6   BANK7
      Params:         0       0       0       0       0       0       0       0       0
      Locals:         1       0       0       0       0       0       0       0       0
      Temps:          0       0       0       0       0       0       0       0       0
      Totals:         1       0       0       0       0       0       0       0       0
Total ram usage:        1 bytes
 Hardware stack levels used:    1
 Hardware stack levels required when called:    4
 This function calls:
		_LCD_SendNibble
 This function is called by:
		_LCD_WriteChar
		_CreateChar
 This function uses a non-reentrant model


 *************** function _LCD_SetRowCol *****************
 Defined at:
		line 129 in file "src/lcd.c"
 Parameters:    Size  Location     Type
  row             1    wreg     _Bool 
  col             1    7[COMRAM] unsigned char 
 Auto vars:     Size  Location     Type
  row             1   12[COMRAM] _Bool 
  cmd             2   10[COMRAM] int 
 Return value:  Size  Location     Type
                  1    wreg      void 
 Registers used:
		wreg, status,2, status,0, prodl, prodh, cstack
 Tracked objects:
		On entry : 
		On exit  : 
		Unchanged: 
 Data sizes:     COMRAM   BANK0   BANK1   BANK2   BANK3   BANK4   BANK5   BANK6   BANK7
      Params:         1       0       0       0       0       0       0       0       0
      Locals:         3       0       0       0       0       0       0       0       0
      Temps:          2       0       0       0       0       0       0       0       0
      Totals:         6       0       0       0       0       0       0       0       0
Total ram usage:        6 bytes
 Hardware stack levels used:    1
 Hardware stack levels required when called:    5
 This function calls:
		_LCD_SendCmd
 This function is called by:
		_main
		_LCD_WriteChar
		_CreateChar
		_LCD_Write
 This function uses a non-reentrant model


 *************** function _LCD_SetCGRAM *****************
 Defined at:
		line 119 in file "src/lcd.c"
 Parameters:    Size  Location     Type
  address         1    wreg     unsigned char 
 Auto vars:     Size  Location     Type
  address         1    8[COMRAM] unsigned char 
  cmd             1    7[COMRAM] unsigned char 
 Return value:  Size  Location     Type
                  1    wreg      void 
 Registers used:
		wreg, status,2, status,0, cstack
 Tracked objects:
		On entry : 
		On exit  : 
		Unchanged: 
 Data sizes:     COMRAM   BANK0   BANK1   BANK2   BANK3   BANK4   BANK5   BANK6   BANK7
      Params:         0       0       0       0       0       0       0       0       0
      Locals:         2       0       0       0       0       0       0       0       0
      Temps:          0       0       0       0       0       0       0       0       0
      Totals:         2       0       0       0       0       0       0       0       0
Total ram usage:        2 bytes
 Hardware stack levels used:    1
 Hardware stack levels required when called:    5
 This function calls:
		_LCD_SendCmd
 This function is called by:
		_CreateChar
 This function uses a non-reentrant model


 *************** function _LCD_SendCmd *****************
 Defined at:
		line 43 in file "src/lcd.c"
 Parameters:    Size  Location     Type
  data            1    wreg     unsigned char 
  fbyte           1    5[COMRAM] _Bool 
 Auto vars:     Size  Location     Type
  data            1    6[COMRAM] unsigned char 
 Return value:  Size  Location     Type
                  1    wreg      void 
 Registers used:
		wreg, status,2, status,0, cstack
 Tracked objects:
		On entry : 
		On exit  : 
		Unchanged: 
 Data sizes:     COMRAM   BANK0   BANK1   BANK2   BANK3   BANK4   BANK5   BANK6   BANK7
      Params:         1       0       0       0       0       0       0       0       0
      Locals:         1       0       0       0       0       0       0       0       0
      Temps:          0       0       0       0       0       0       0       0       0
      Totals:         2       0       0       0       0       0       0       0       0
Total ram usage:        2 bytes
 Hardware stack levels used:    1
 Hardware stack levels required when called:    4
 This function calls:
		_LCD_SendNibble
 This function is called by:
		_LCD_Init
		_LCD_CLS
		_LCD_RH
		_LCD_DisplayCtrl
		_LCD_SetCGRAM
		_LCD_SetRowCol
		_LCD_DisplayShift
		_LCD_EntryMode
 This function uses a non-reentrant model


 *************** function _LCD_SendNibble *****************
 Defined at:
		line 36 in file "src/lcd.c"
 Parameters:    Size  Location     Type
  data            1    wreg     unsigned char 
 Auto vars:     Size  Location     Type
  data            1    4[COMRAM] unsigned char 
 Return value:  Size  Location     Type
                  1    wreg      void 
 Registers used:
		wreg, status,2, status,0, cstack
 Tracked objects:
		On entry : 
		On exit  : 
		Unchanged: 
 Data sizes:     COMRAM   BANK0   BANK1   BANK2   BANK3   BANK4   BANK5   BANK6   BANK7
      Params:         0       0       0       0       0       0       0       0       0
      Locals:         1       0       0       0       0       0       0       0       0
      Temps:          0       0       0       0       0       0       0       0       0
      Totals:         1       0       0       0       0       0       0       0       0
Total ram usage:        1 bytes
 Hardware stack levels used:    1
 Hardware stack levels required when called:    3
 This function calls:
		_LCD_Lat
 This function is called by:
		_LCD_SendCmd
		_LCD_WriteByte
 This function uses a non-reentrant model


 *************** function _LCD_Lat *****************
 Defined at:
		line 28 in file "src/lcd.c"
 Parameters:    Size  Location     Type
		None
 Auto vars:     Size  Location     Type
		None
 Return value:  Size  Location     Type
                  1    wreg      void 
 Registers used:
		wreg
 Tracked objects:
		On entry : 
		On exit  : 
		Unchanged: 
 Data sizes:     COMRAM   BANK0   BANK1   BANK2   BANK3   BANK4   BANK5   BANK6   BANK7
      Params:         0       0       0       0       0       0       0       0       0
      Locals:         0       0       0       0       0       0       0       0       0
      Temps:          1       0       0       0       0       0       0       0       0
      Totals:         1       0       0       0       0       0       0       0       0
Total ram usage:        1 bytes
 Hardware stack levels used:    1
 Hardware stack levels required when called:    2
 This function calls:
		Nothing
 This function is called by:
		_LCD_SendNibble
 This function uses a non-reentrant model


 *************** function _BLED_Color *****************
 Defined at:
		line 97 in file "src/leds.c"
 Parameters:    Size  Location     Type
  biled           1    wreg     enum E3166
  green           1    3[COMRAM] _Bool 
  red             1    4[COMRAM] _Bool 
 Auto vars:     Size  Location     Type
  biled           1    7[COMRAM] enum E3166
 Return value:  Size  Location     Type
                  1    wreg      void 
 Registers used:
		wreg, status,2, status,0
 Tracked objects:
		On entry : 
		On exit  : 
		Unchanged: 
 Data sizes:     COMRAM   BANK0   BANK1   BANK2   BANK3   BANK4   BANK5   BANK6   BANK7
      Params:         2       0       0       0       0       0       0       0       0
      Locals:         1       0       0       0       0       0       0       0       0
      Temps:          2       0       0       0       0       0       0       0       0
      Totals:         5       0       0       0       0       0       0       0       0
Total ram usage:        5 bytes
 Hardware stack levels used:    1
 Hardware stack levels required when called:    2
 This function calls:
		Nothing
 This function is called by:
		_main
 This function uses a non-reentrant model


 *************** function _myISR *****************
 Defined at:
		line 26 in file "src/main.c"
 Parameters:    Size  Location     Type
		None
 Auto vars:     Size  Location     Type
		None
 Return value:  Size  Location     Type
                  1    wreg      void 
 Registers used:
		wreg, status,2, status,0, cstack
 Tracked objects:
		On entry : 
		On exit  : 
		Unchanged: 
 Data sizes:     COMRAM   BANK0   BANK1   BANK2   BANK3   BANK4   BANK5   BANK6   BANK7
      Params:         0       0       0       0       0       0       0       0       0
      Locals:         0       0       0       0       0       0       0       0       0
      Temps:          0       0       0       0       0       0       0       0       0
      Totals:         0       0       0       0       0       0       0       0       0
Total ram usage:        0 bytes
 Hardware stack levels used:    1
 Hardware stack levels required when called:    1
 This function calls:
		_BLED_Toggle
 This function is called by:
		Interrupt level 2
 This function uses a non-reentrant model


 *************** function _BLED_Toggle *****************
 Defined at:
		line 111 in file "src/leds.c"
 Parameters:    Size  Location     Type
  biled           1    wreg     enum E3166
 Auto vars:     Size  Location     Type
  biled           1    2[COMRAM] enum E3166
 Return value:  Size  Location     Type
                  1    wreg      void 
 Registers used:
		wreg, status,2, status,0
 Tracked objects:
		On entry : 
		On exit  : 
		Unchanged: 
 Data sizes:     COMRAM   BANK0   BANK1   BANK2   BANK3   BANK4   BANK5   BANK6   BANK7
      Params:         0       0       0       0       0       0       0       0       0
      Locals:         1       0       0       0       0       0       0       0       0
      Temps:          2       0       0       0       0       0       0       0       0
      Totals:         3       0       0       0       0       0       0       0       0
Total ram usage:        3 bytes
 Hardware stack levels used:    1
 This function calls:
		Nothing
 This function is called by:
		_myISR
 This function uses a non-reentrant model



MODULE INFORMATION

Module		Function		Class		Link	Load	Size
src/print/my_print.c
		_my_vprintf    		CODE           	08E8	0000	2943

src/print/my_print.c estimated size: 2943

C:\Program Files (x86)\Microchip\xc8\v2.10\pic\sources\c99\common\fleq.c
		___fleq        		CODE           	4A74	0000	171

C:\Program Files (x86)\Microchip\xc8\v2.10\pic\sources\c99\common\fleq.c estimated size: 171

C:\Program Files (x86)\Microchip\xc8\v2.10\pic\sources\c99\common\strcat.c
		_strcat        		CODE           	5462	0000	39

C:\Program Files (x86)\Microchip\xc8\v2.10\pic\sources\c99\common\strcat.c estimated size: 39

src/print/toString.c
		_atoui         		CODE           	476C	0000	209
		_ftoa          		CODE           	2642	0000	819
		_ftoa_sci      		CODE           	2C6A	0000	737
		_itoa          		CODE           	3CE2	0000	391
		_reverse       		CODE           	4BC4	0000	153
		_normalize     		CODE           	4134	0000	289

src/print/toString.c estimated size: 2598

C:\Program Files (x86)\Microchip\xc8\v2.10\pic\sources\c99\common\xxtofl.c
		___xxtofl      		CODE           	398A	0000	437

C:\Program Files (x86)\Microchip\xc8\v2.10\pic\sources\c99\common\xxtofl.c estimated size: 437

C:\Program Files (x86)\Microchip\xc8\v2.10\pic\sources\c99\common\fltol.c
		___fltol       		CODE           	4476	0000	263

C:\Program Files (x86)\Microchip\xc8\v2.10\pic\sources\c99\common\fltol.c estimated size: 263

C:\Program Files (x86)\Microchip\xc8\v2.10\pic\sources\c99\common\strlen.c
		_strlen        		CODE           	53AE	0000	55

C:\Program Files (x86)\Microchip\xc8\v2.10\pic\sources\c99\common\strlen.c estimated size: 55

src/system.c
		_SYSTEM_Init   		CODE           	50BC	0000	75

src/system.c estimated size: 75

src/leds.c
		_BLED_Enable   		CODE           	5106	0000	75
		_BLED_Toggle   		CODE           	52B4	0000	67
		_BLED_Color    		CODE           	4900	0000	195

src/leds.c estimated size: 337

C:\Program Files (x86)\Microchip\xc8\v2.10\pic\sources\c99\common\strcpy.c
		_strcpy        		CODE           	4F0A	0000	93

C:\Program Files (x86)\Microchip\xc8\v2.10\pic\sources\c99\common\strcpy.c estimated size: 93

C:\Program Files (x86)\Microchip\xc8\v2.10\pic\sources\c99\common\aldiv.c
		___aldiv       		CODE           	436A	0000	269

C:\Program Files (x86)\Microchip\xc8\v2.10\pic\sources\c99\common\aldiv.c estimated size: 269

C:\Program Files (x86)\Microchip\xc8\v2.10\pic\sources\c99\common\sprcmul.c
		___flmul       		CODE           	1E7E	0000	1067

C:\Program Files (x86)\Microchip\xc8\v2.10\pic\sources\c99\common\sprcmul.c estimated size: 1067

src/serial.c
		_SERIAL_WriteChar		CODE           	5510	0000	23
		_SERIAL_Init   		CODE           	4CE6	0000	131
		_SERIAL_Write  		CODE           	5228	0000	71

src/serial.c estimated size: 225

C:\Program Files (x86)\Microchip\xc8\v2.10\pic\sources\c99\common\sprcdiv.c
		___fldiv       		CODE           	22A8	0000	923

C:\Program Files (x86)\Microchip\xc8\v2.10\pic\sources\c99\common\sprcdiv.c estimated size: 923

src/main.c
		_myISR         		CODE           	0008	0000	79
		_main          		CODE           	35D0	0000	493

src/main.c estimated size: 572

src/interrupts.c
		_INTERRUPT_Tmr0		CODE           	5566	0000	7
		_INTERRUPT_Init		CODE           	555E	0000	9

src/interrupts.c estimated size: 16

C:\Program Files (x86)\Microchip\xc8\v2.10\pic\sources\c99\common\flge.c
		___flge        		CODE           	457C	0000	261

C:\Program Files (x86)\Microchip\xc8\v2.10\pic\sources\c99\common\flge.c estimated size: 261

C:\Program Files (x86)\Microchip\xc8\v2.10\pic\sources\c99\common\flneg.c
		___flneg       		CODE           	5376	0000	57

C:\Program Files (x86)\Microchip\xc8\v2.10\pic\sources\c99\common\flneg.c estimated size: 57

shared
		ftoa_sci@width 		SMALLCONST     	0000	0000	0
		__initialization		CODE           	4DE0	0000	95
		ftoa@width     		SMALLCONST     	0000	0000	0
		my_vprintf@tipo		SMALLCONST     	0801	0000	16

shared estimated size: 111

C:\Program Files (x86)\Microchip\xc8\v2.10\pic\sources\c99\common\sprcadd.c
		___flsub       		CODE           	51E2	0000	71
		___fladd       		CODE           	19BE	0000	1217

C:\Program Files (x86)\Microchip\xc8\v2.10\pic\sources\c99\common\sprcadd.c estimated size: 1288

src/print/format.c
		_posc          		CODE           	4E4C	0000	99
		_precI         		CODE           	4254	0000	279
		_upperCL       		CODE           	4C5C	0000	139
		_addSig        		CODE           	3FE0	0000	341
		_setWidth      		CODE           	319A	0000	557
		_searchc       		CODE           	4F66	0000	91
		_precE         		CODE           	33C6	0000	523
		_getWP         		CODE           	2F4A	0000	593
		_cleanS        		CODE           	5016	0000	85
		_precF         		CODE           	37BC	0000	463
		_roundStr      		CODE           	2974	0000	759
		_precG         		CODE           	1466	0000	1369
		_precS         		CODE           	4D68	0000	121
		_addOx         		CODE           	3E68	0000	377

src/print/format.c estimated size: 5796

C:\Program Files (x86)\Microchip\xc8\v2.10\pic\sources\c99\common\Umul16.c
		___wmul        		CODE           	5488	0000	39

C:\Program Files (x86)\Microchip\xc8\v2.10\pic\sources\c99\common\Umul16.c estimated size: 39

src/timer.c
		_TIMER0_Int    		CODE           	5336	0000	65
		_TIMER0_SetPs  		CODE           	49C2	0000	179

src/timer.c estimated size: 244

C:\Program Files (x86)\Microchip\xc8\v2.10\pic\sources\c99\common\almod.c
		___almod       		CODE           	4680	0000	237

C:\Program Files (x86)\Microchip\xc8\v2.10\pic\sources\c99\common\almod.c estimated size: 237

src/lcd.c
		_LCD_Init      		CODE           	4B1E	0000	167
		_LCD_SendCmd   		CODE           	5438	0000	43
		_LCD_CLS       		CODE           	540E	0000	43
		_LCD_RH        		CODE           	53E4	0000	43
		_LCD_SetCGRAM  		CODE           	54AE	0000	39
		_LCD_SetRowCol 		CODE           	5150	0000	75
		_LCD_SendNibble		CODE           	553C	0000	19
		_LCD_Lat       		CODE           	5526	0000	23
		_CreateChar    		CODE           	4FC0	0000	87
		_LCD_Write     		CODE           	483C	0000	197
		_LCD_DisplayCtrl		CODE           	54D4	0000	37
		_LCD_WriteChar 		CODE           	526E	0000	71
		_LCD_WriteByte 		CODE           	54F8	0000	25

src/lcd.c estimated size: 869

src/kbd.c
		_KBD_Init      		CODE           	554E	0000	17
		_KBD_GetChar   		CODE           	3B3E	0000	421
		_KBD_InChar    		CODE           	506A	0000	83

src/kbd.c estimated size: 521

